// Jest Snapshot v1, https://goo.gl/fbAQLP

exports[`Druggy onChange 1`] = `
<textarea
  class="textarea"
  style="border: 2px solid #999; height: 100%; width: 100%;"
>
  elo
</textarea>
`;

exports[`Druggy renders correctly 1`] = `
<div
  className="Dealer"
  style={
    Object {
      "height": "70%",
      "margin": "auto",
      "width": "80%",
    }
  }
>
  <textarea
    autoFocus={true}
    className="textarea"
    onChange={[Function]}
    onKeyUp={[Function]}
    onSelect={[Function]}
    style={
      Object {
        "border": "2px solid #999",
        "height": "100%",
        "width": "100%",
      }
    }
    value=""
  />
</div>
`;
