// Jest Snapshot v1, https://goo.gl/fbAQLP

exports[`Logo renders correctly 1`] = `
<img
  alt={Object {}}
  className="logo__image"
  src="head.svg"
/>
`;
